case__35: case__35
logic__32: reg__2
logic__185: logic__185
logic__126: logic__126
datapath__47: datapath__47
datapath__16: datapath__39
logic__28: logic__27
logic__266: logic__266
dsp48e1: dsp48e1
datapath__89: datapath__26
dsp48e1__26: case__18
logic__291: case__35
case__124: case__69
datapath__75: datapath__28
datapath__46: datapath__46
dsp48e1__3: dsp48e1__3
logic__198: logic__198
dsp48e1__24: case__15
logic__279: logic__279
logic__52: logic__39
case__85: case__34
datapath__83: case__45
logic__278: logic__278
reg__18: reg__13
case__6: case__6
muxpart__27: muxpart__7
logic__217: logic__217
case__123: case__70
reg__22: reg__3
logic__224: logic__224
muxpart__14: muxpart__14
case__69: case__51
dsp48e1__18: dsp48e1__18
datapath__59: datapath__59
datapath__57: datapath__57
logic__213: logic__213
case__125: case__4
dsp48e1__9: dsp48e1__9
datapath__66: datapath__66
logic__177: logic__177
datapath__115: datapath__5
dsp48e1__16: dsp48e1__16
logic__231: logic__231
datapath__12: datapath__43
muxpart__16: muxpart__16
datapath__17: datapath__38
logic__7: logic__180
datapath__43: datapath__43
logic__39: datapath__84
datapath__94: datapath__21
reg__14: logic__48
datapath__90: datapath__25
chattering: chattering
datapath__119: datapath__8
datapath__93: datapath__22
case__53: case__53
dsp48e1__13: dsp48e1__13
logic__184: logic__184
muxpart__21: muxpart__21
reg__25: reg
datapath__104: datapath__11
muxpart__10: muxpart__10
muxpart__19: muxpart__19
logic__25: logic__224
logic__15: logic__9
datapath__42: datapath__42
logic__284: RTL_MUX62
case__68: datapath__37
case__107: case__12
dsp48e1__27: logic__183
datapath__44: datapath__44
case__73: case__46
dsp48e1__34: dsp48e1__2
datapath__5: datapath__50
logic__295: logic__21
logic__233: logic__233
case__112: case__7
logic__209: logic__209
logic__53: logic__53
logic__236: logic__236
reg__8: reg__8
muxpart__3: muxpart__3
datapath__37: datapath__37
datapath__7: datapath__48
logic__14: logic__10
case__36: case__36
logic__51: logic__51
case__33: case__33
logic__280: logic__280
case__4: case__54
logic__234: logic__234
logic__114: logic__114
datapath__28: datapath__28
logic__22: logic__3
case__87: case__32
case__19: case__19
logic__141: logic__141
logic__162: logic__162
case__54: case__54
reg__10: reg__3
muxpart__32: muxpart__2
datapath__8: datapath__47
datapath__106: datapath__9
logic__223: logic__223
logic__47: logic__47
case__119: case__57
logic__189: logic__189
case__100: case__19
case__86: case__33
datapath__18: datapath__37
case__75: case__44
datapath: datapath
muxpart__26: muxpart__8
case__110: case__9
case__42: case__42
datapath__53: datapath__53
logic__20: logic__4
logic__204: logic__204
logic__36: logic__10
datapath__136: datapath
datapath__99: datapath__16
logic__271: logic__271
case__79: case__40
datapath__33: datapath__33
case__28: case__28
logic__26: logic__223
dsp48e1__17: dsp48e1__17
case__106: case__13
datapath__27: datapath__27
datapath__131: datapath__20
datapath__45: datapath__45
datapath__25: datapath__25
datapath__95: datapath__20
logic__262: logic__262
logic: logic
datapath__69: logic__189
logic__228: logic__228
logic__274: logic__274
logic__171: logic__171
datapath__129: datapath__18
datapath__15: datapath__40
datapath__71: datapath__35
case__48: case__48
logic__181: logic__181
datapath__49: datapath__49
case__32: case__32
logic__201: logic__201
case__98: case__21
case__50: case__50
logic__34: logic__13
datapath__77: case__10
logic__270: logic__270
dsp48e1__29: case__11
logic__188: logic__188
case__10: case__10
datapath__134: datapath__84
case__77: case__42
case__115: case__4
datapath__36: datapath__36
logic__132: logic__132
case__113: case__6
color__1: color
datapath__118: datapath__7
dsp48e1__25: case__19
logic__129: logic__129
datapath__114: datapath__1
logic__38: logic
logic__292: color__GB2_tempName
case__57: case__57
datapath__85: datapath__30
logic__256: logic__256
reg__20: reg__15
datapath__132: datapath__21
case__82: case__37
logic__165: logic__165
datapath__21: datapath__34
case: case
datapath__76: case__16
dsp48e1__15: dsp48e1__15
muxpart__11: muxpart__11
logic__23: logic__2
case__108: case__11
case__126: case__3
muxpart__17: muxpart__17
logic__138: logic__138
logic__207: logic__207
logic__35: logic__11
dsp48e1__23: case__38
case__49: case__53
datapath__56: datapath__56
logic__120: logic__120
case__116: case__3
muxpart__23: case__46
logic__269: logic__269
logic__285: case__33
case__84: case__35
case__14: case__14
logic__219: logic__219
datapath__72: logic__165
case__65: logic__159
logic__220: logic__220
datapath__116: datapath__6
logic__196: logic__196
datapath__68: case__20
muxpart__6: muxpart__6
datapath__101: datapath__14
case__97: case__22
case__44: case__44
logic__287: case__17
case__22: case__22
case__58: RTL_REG_SYNC3
case__12: case__12
logic__150: logic__150
reg__11: reg__2
datapath__88: datapath__27
case__117: case__2
reg__21: reg__4
reg__5: reg__5
logic__235: logic__235
logic__286: datapath__32
muxpart__31: muxpart__3
case__76: case__43
case__78: case__41
reg__9: reg__9
logic__273: logic__273
logic__17: logic__7
datapath__70: color__GB3_tempName
case__90: case__29
logic__249: logic__249
datapath__26: datapath__26
logic__3: logic__201
logic__239: logic__239
case__29: case__29
case__127: case__2
case__27: case__27
dsp48e1__2: dsp48e1__2
dsp48e1__12: dsp48e1__12
logic__156: logic__156
case__59: case__22
datapath__52: datapath__52
logic__10: logic__165
dsp48e1__36: dsp48e1
counter__2: counter
muxpart__33: muxpart__1
datapath__64: datapath__64
logic__13: logic__153
muxpart__20: muxpart__20
datapath__128: datapath__17
case__89: case__30
logic__144: logic__144
logic__325: case__42
logic__222: logic__222
datapath__58: datapath__58
dsp48e1__32: dsp48e1__4
reg__17: reg__5
datapath__23: datapath__32
datapath__97: datapath__18
logic__29: case__2
muxpart__30: muxpart__4
case__23: case__23
logic__268: logic__268
logic__193: logic__193
case__121: case__49
case__95: case__24
logic__216: logic__216
logic__244: RTL_MUX165
case__15: case__15
datapath__133: datapath__22
datapath__60: datapath__60
case__128: case__1
logic__241: logic__241
muxpart__24: muxpart__10
case__61: case__61
case__3: case__55
logic__168: logic__168
datapath__39: datapath__39
datapath__91: datapath__24
datapath__125: datapath__14
case__7: case__7
dsp48e1__28: logic__180
reg__7: logic__18
muxpart__12: muxpart__12
counter: counter
datapath__79: case__21
case__51: case__51
datapath__13: datapath__42
logic__211: logic__211
datapath__108: datapath__7
datapath__130: datapath__19
reg__23: reg__2
logic__33: logic__18
datapath__98: datapath__17
case__105: case__14
logic__232: logic__232
muxpart__5: muxpart__5
case__37: case__37
dsp48e1__14: dsp48e1__14
case__129: case
case__41: case__41
datapath__82: case__30
logic__272: logic__272
logic__251: logic__251
logic__267: logic__267
case__55: case__55
datapath__67: datapath__67
dsp48e1__1: dsp48e1__1
case__17: case__17
logic__221: logic__221
muxpart__29: muxpart__5
dsp48e1__19: dsp48e1__19
case__92: case__27
case__67: logic__204
logic__190: logic__190
case__122: case__71
logic__218: logic__218
logic__5: logic__192
datapath__38: datapath__38
logic__12: logic__159
color: logic__22
logic__186: logic__186
datapath__81: logic__47
datapath__111: datapath__4
case__38: case__38
VGAtiming: datapath__15
datapath__122: datapath__11
logic__281: logic__281
datapath__14: datapath__41
dsp48e1__30: case__12
datapath__11: datapath__44
logic__254: logic__254
datapath__87: datapath__28
dsp48e1__21: datapath__29
case__43: case__43
logic__31: logic__22
logic__11: logic__162
case__34: case__34
logic__290: logic__192
logic__50: logic__50
case__11: case__11
logic__277: logic__277
datapath__113: datapath__2
logic__210: logic__210
logic__30: logic__23
logic__178: logic__178
case__5: datapath__11
datapath__22: datapath__33
dsp48e1__11: dsp48e1__11
dsp48e1__10: dsp48e1__10
datapath__80: datapath__45
case__109: case__10
logic__24: logic__1
logic__293: color__GB5_tempName
datapath__40: datapath__40
reg__19: reg__11
datapath__9: datapath__46
case__20: case__20
datapath__41: datapath__41
reg__1: reg__9
logic__46: logic__46
logic__123: logic__123
dsp48e1__31: dsp48e1__31
case__46: case__46
datapath__62: datapath__62
datapath__24: datapath__24
datapath__31: datapath__31
logic__255: logic__255
logic__206: logic__206
logic__27: case__4
datapath__50: datapath__50
logic__2: logic__207
logic__265: logic__265
datapath__135: datapath__1
datapath__65: datapath__65
datapath__105: datapath__10
logic__172: logic__172
logic__289: logic__174
case__64: muxpart__14
case__72: case__48
logic__250: logic__250
datapath__61: datapath__61
datapath__30: datapath__30
muxpart__13: color__GB4_tempName
datapath__3: case
case__93: case__26
case__83: case__36
datapath__78: dsp48e1__4
datapath__55: datapath__55
logic__240: logic__240
case__99: case__20
logic__135: logic__135
reg__13: reg__1
logic__258: logic__258
logic__215: logic__215
case__103: case__16
datapath__120: datapath__9
datapath__102: datapath__13
datapath__1: datapath__51
datapath__110: datapath__5
reg: reg
muxpart__4: muxpart__4
muxpart__8: muxpart__8
logic__45: logic__45
datapath__123: datapath__12
logic__48: logic__48
case__91: case__28
logic__275: logic__275
datapath__127: datapath__16
case__66: reg__9
logic__6: logic__189
dsp48e1__35: dsp48e1__1
logic__55: logic__55
muxpart__25: muxpart__9
datapath__124: datapath__13
logic__276: logic__276
dsp48e1__6: dsp48e1__6
logic__326: logic__153
logic__208: logic__208
case__56: case__56
muxpart__9: muxpart__9
logic__294: color__GB4_tempName
case__39: case__39
logic__214: logic__214
case__9: case__9
case__31: case__31
logic__1: logic__210
logic__147: logic__147
logic__159: logic__159
datapath__126: datapath__15
datapath__19: datapath__36
case__70: case__50
logic__54: logic__54
datapath__109: datapath__6
datapath__73: datapath__34
case__118: case__1
logic__175: logic__175
case__8: datapath__1
case__104: case__15
logic__108: logic__108
case__24: case__24
case__62: datapath__39
muxpart__2: muxpart__2
datapath__35: datapath__35
case__40: case__40
reg__2: reg__8
dsp48e1__22: color__GB0_tempName
dsp48e1__4: dsp48e1__4
datapath__32: datapath__32
logic__283: color__GB1_tempName
case__1: case__59
logic__197: logic__197
reg__24: reg__1
muxpart__1: muxpart__1
dsp48e1__33: dsp48e1__3
logic__153: logic__153
case__120: case__56
datapath__112: datapath__3
case__101: case__18
case__60: logic__201
reg__3: reg__7
datapath__74: case__34
logic__192: logic__192
datapath__86: datapath__29
dsp48e1__20: logic__168
datapath__29: datapath__29
case__2: case__58
counter__1: counter__1
logic__9: logic__168
logic__19: logic__5
reg__16: reg__6
case__13: case__13
logic__183: logic__183
logic__37: logic__3
datapath__84: datapath__31
logic__174: logic__174
case__96: case__23
case__94: case__25
case__16: case__16
case__21: case__21
muxpart: muxpart
logic__8: logic__171
logic__117: logic__117
datapath__92: datapath__23
dsp48e1__7: dsp48e1__7
datapath__107: datapath__8
muxpart__34: muxpart
case__26: case__26
datapath__96: datapath__19
case__25: case__25
logic__257: logic__257
muxpart__15: datapath__17
datapath__34: datapath__34
logic__180: logic__180
logic__191: logic__191
muxpart__22: logic__162
logic__288: case__8
datapath__103: datapath__12
datapath__4: datapath__4
case__71: case__49
datapath__51: datapath__51
datapath__20: datapath__35
case__102: case__17
reg__4: reg__4
datapath__121: datapath__10
case__47: case__47
logic__179: logic__179
case__74: case__45
datapath__100: datapath__15
case__88: case__31
case__30: case__30
logic__16: logic__8
case__114: case__5
chattering__1: chattering
logic__195: logic__195
logic__49: logic__49
case__111: case__8
datapath__63: datapath__63
dsp48e1__5: dsp48e1__5
muxpart__18: muxpart__18
logic__18: logic__6
muxpart__28: muxpart__6
case__63: case__27
datapath__10: datapath__45
datapath__54: datapath__54
logic__227: logic__227
muxpart__7: muxpart__7
case__18: case__18
datapath__117: datapath__23
logic__261: logic__261
logic__282: logic__282
case__81: case__38
dsp48e1__8: dsp48e1__8
case__80: case__39
reg__15: reg__8
datapath__6: datapath__49
case__52: case__52
reg__12: reg__12
datapath__48: datapath__48
logic__4: logic__198
reg__6: reg__6
case__45: case__45
