logic__224: logic__224
dsp48e1__24: case__15
logic__47: logic__47
logic__265: logic__265
logic__54: logic__54
datapath__60: datapath__60
logic__217: logic__217
datapath__82: case__30
dsp48e1__8: dsp48e1__8
datapath__55: datapath__55
case__53: case__53
reg__6: muxpart__4
datapath__69: logic__189
datapath__66: datapath__66
case__38: case__38
dsp48e1__14: dsp48e1__14
muxpart__13: color__GB4_tempName
logic__177: logic__177
muxpart__5: datapath__18
logic__295: logic__21
dsp48e1__16: dsp48e1__16
case__2: case__2
muxpart: muxpart
dsp48e1__15: dsp48e1__15
datapath__21: datapath__21
datapath__68: case__20
case__41: case__41
dsp48e1__2: dsp48e1__2
VGAtiming: datapath__15
case__48: case__48
datapath__53: datapath__53
datapath__54: datapath__54
muxpart__4: color__GB1_tempName
case__39: case__39
dsp48e1__3: dsp48e1__3
case__67: logic__204
datapath__31: datapath__31
reg__7: logic__18
dsp48e1__19: dsp48e1__19
datapath__47: datapath__47
logic__204: logic__204
datapath__10: datapath__10
muxpart__8: muxpart__8
muxpart__18: muxpart__18
datapath__24: datapath__24
case__12: case__12
reg__5: reg__5
logic__153: logic__153
datapath__28: datapath__28
datapath__23: datapath__23
datapath__16: datapath__16
dsp48e1__7: dsp48e1__7
logic__249: logic__249
case__51: case__51
reg__3: muxpart__6
case__25: case__25
logic__168: logic__168
muxpart__21: muxpart__21
datapath__51: datapath__51
logic__284: RTL_MUX62
datapath__80: datapath__45
datapath__79: case__21
logic__275: logic__275
datapath__14: datapath__14
datapath__9: datapath__9
dsp48e1__17: dsp48e1__17
logic__272: logic__272
case__23: case__23
logic__55: logic__55
dsp48e1: dsp48e1
logic__326: logic__153
case__43: case__43
case__18: case__18
case__33: case__33
datapath__45: datapath__45
dsp48e1__11: dsp48e1__11
datapath__11: datapath__11
datapath__40: datapath__40
reg__1: muxpart__5
case__63: case__27
case__21: case__21
case__71: datapath__25
dsp48e1__5: dsp48e1__5
datapath__78: dsp48e1__4
logic__271: logic__271
reg__15: reg__8
logic__325: case__42
logic__210: logic__210
datapath__35: datapath__35
case__9: case__9
datapath__43: datapath__43
datapath__25: datapath__25
datapath__26: datapath__26
logic__282: logic__282
muxpart__3: datapath__8
logic__53: logic__53
dsp48e1__13: dsp48e1__13
datapath__52: datapath__52
case__62: datapath__39
logic__267: logic__267
case__70: datapath__24
case__55: case__55
muxpart__20: muxpart__20
case__65: logic__159
case__19: case__19
logic__192: logic__192
muxpart__15: datapath__17
datapath__56: datapath__56
logic__39: datapath__84
logic__49: logic__49
datapath__20: datapath__20
case__35: case__35
datapath__61: datapath__61
muxpart__12: muxpart__12
case__26: case__26
case__31: case__31
logic__283: color__GB1_tempName
muxpart__19: muxpart__19
logic__278: logic__278
muxpart__14: muxpart__14
datapath__84: case__23
logic__23: case__1
reg__10: reg__10
dsp48e1__4: dsp48e1__4
datapath__12: datapath__12
case__22: case__22
logic__171: logic__171
logic__277: logic__277
datapath__2: color
logic__183: logic__183
datapath: logic__250
datapath__77: case__10
datapath__41: datapath__41
datapath__71: datapath__35
datapath__39: datapath__39
logic__159: logic__159
logic__189: logic__189
case__15: case__15
dsp48e1__21: datapath__29
logic: logic
logic__270: logic__270
chattering: logic__11
logic__207: logic__207
datapath__72: logic__165
case__66: reg__9
logic__216: logic__216
case__69: case__26
case__64: muxpart__14
dsp48e1__28: logic__180
logic__3: reg__4
case__30: case__30
logic__257: logic__257
logic__254: logic__254
case__3: datapath__16
muxpart__10: muxpart__10
logic__32: reg__2
case__46: case__46
dsp48e1__1: dsp48e1__1
datapath__22: datapath__22
case__49: case__49
case__28: case__28
case__47: case__47
logic__251: logic__251
logic__236: logic__236
case: case
datapath__29: datapath__29
datapath__59: datapath__59
logic__240: logic__240
logic__165: logic__165
datapath__64: datapath__64
logic__51: logic__51
reg__13: reg__13
case__24: case__24
case__58: RTL_REG_SYNC3
case__40: case__40
datapath__44: datapath__44
datapath__18: datapath__18
dsp48e1__6: dsp48e1__6
datapath__62: datapath__62
case__57: case__57
dsp48e1__23: case__38
logic__234: logic__234
datapath__1: logic__21
logic__11: logic__29
logic__29: case__2
case__32: case__32
case__61: case__61
logic__262: logic__262
logic__269: logic__269
case__42: case__42
dsp48e1__20: logic__168
case__29: case__29
logic__258: logic__258
logic__266: logic__266
datapath__36: datapath__36
muxpart__6: color__GB2_tempName
case__27: case__27
logic__213: logic__213
datapath__30: datapath__30
muxpart__11: muxpart__11
logic__195: logic__195
dsp48e1__12: dsp48e1__12
muxpart__17: muxpart__17
logic__289: logic__174
case__8: datapath__1
muxpart__22: logic__162
muxpart__9: muxpart__9
logic__261: logic__261
case__54: case__54
logic__162: logic__162
datapath__6: datapath__6
logic__201: logic__201
datapath__63: datapath__63
logic__48: logic__48
case__10: case__10
logic__294: color__GB4_tempName
logic__18: case__71
datapath__75: datapath__28
case__6: case__6
logic__228: logic__228
case__56: case__56
logic__287: case__17
datapath__19: datapath__19
logic__231: logic__231
datapath__3: case
datapath__74: case__34
logic__291: case__35
logic__227: logic__227
counter: counter
datapath__32: datapath__32
reg__8: reg__8
case__20: case__20
case__59: case__22
reg__4: reg__4
datapath__46: datapath__46
dsp48e1__27: logic__183
muxpart__16: muxpart__16
datapath__27: datapath__27
logic__256: logic__256
datapath__83: case__45
logic__186: logic__186
logic__220: logic__220
datapath__17: datapath__17
datapath__33: datapath__33
logic__241: logic__241
logic__223: logic__223
datapath__38: datapath__38
reg__9: reg__9
logic__292: color__GB2_tempName
logic__255: logic__255
logic__268: logic__268
logic__286: datapath__32
logic__10: logic__10
logic__45: logic__45
logic__174: logic__174
case__4: case__4
case__50: case__50
muxpart__7: datapath__22
reg__2: reg__2
logic__285: case__33
dsp48e1__22: color__GB0_tempName
case__7: case__7
logic__27: case__4
logic__274: logic__274
case__60: logic__201
logic__273: logic__273
case__17: case__17
logic__198: logic__198
dsp48e1__30: case__12
datapath__67: datapath__67
case__11: case__11
logic__281: logic__281
reg__12: reg__12
datapath__5: datapath__5
logic__233: logic__233
logic__13: datapath__19
datapath__42: datapath__42
logic__180: logic__180
dsp48e1__29: case__11
dsp48e1__26: case__18
datapath__15: datapath__15
datapath__58: datapath__58
datapath__8: datapath__8
logic__250: logic__250
logic__52: logic__39
case__16: case__16
reg__11: reg__11
logic__244: RTL_MUX165
datapath__13: datapath__13
datapath__7: datapath__7
muxpart__23: case__46
datapath__70: color__GB3_tempName
logic__279: logic__279
logic__293: color__GB5_tempName
case__44: case__44
case__34: case__34
datapath__65: datapath__65
color: logic__22
logic__276: logic__276
logic__50: logic__50
logic__280: logic__280
reg__14: logic__48
dsp48e1__9: dsp48e1__9
logic__232: logic__232
logic__46: logic__46
case__13: case__13
datapath__48: datapath__48
datapath__73: datapath__34
case__36: case__36
case__45: case__45
logic__288: case__8
datapath__49: datapath__49
logic__239: logic__239
datapath__4: datapath__4
reg: reg
case__5: datapath__11
case__14: case__14
datapath__34: datapath__34
case__68: datapath__37
datapath__76: case__16
datapath__81: logic__47
dsp48e1__31: dsp48e1__31
muxpart__2: datapath__46
logic__22: logic__22
logic__235: logic__235
logic__222: logic__222
dsp48e1__18: dsp48e1__18
logic__290: logic__192
dsp48e1__10: dsp48e1__10
datapath__50: datapath__50
logic__221: logic__221
datapath__37: datapath__37
case__37: case__37
dsp48e1__25: case__19
case__1: muxpart__10
datapath__57: datapath__57
muxpart__1: datapath__7
