#-----------------------------------------------------------
# Vivado v2023.1 (64-bit)
# SW Build 3865809 on Sun May  7 15:05:29 MDT 2023
# IP Build 3864474 on Sun May  7 20:36:21 MDT 2023
# SharedData Build 3865790 on Sun May 07 13:33:03 MDT 2023
# Start of session at: Tue Jun 13 17:01:23 2023
# Process ID: 16064
# Current directory: C:/Users/user/Downloads/Jikken2_FPGA/video
# Command line: vivado.exe C:\Users\user\Downloads\Jikken2_FPGA\video\video.xpr
# Log file: C:/Users/user/Downloads/Jikken2_FPGA/video/vivado.log
# Journal file: C:/Users/user/Downloads/Jikken2_FPGA/video\vivado.jou
# Running On: LAPTOP-M3ON6P54, OS: Windows, CPU Frequency: 3302 MHz, CPU Physical cores: 4, Host memory: 16856 MB
#-----------------------------------------------------------
start_gui
open_project C:/Users/user/Downloads/Jikken2_FPGA/video/video.xpr
launch_runs impl_1 -to_step write_bitstream -jobs 8
wait_on_run impl_1
open_hw_manager
connect_hw_server -allow_non_jtag
open_hw_target
set_property PROGRAM.FILE {C:/Users/user/Downloads/Jikken2_FPGA/video/video.runs/impl_1/video.bit} [get_hw_devices xc7a35t_0]
current_hw_device [get_hw_devices xc7a35t_0]
refresh_hw_device -update_hw_probes false [lindex [get_hw_devices xc7a35t_0] 0]
set_property PROBES.FILE {} [get_hw_devices xc7a35t_0]
set_property FULL_PROBES.FILE {} [get_hw_devices xc7a35t_0]
set_property PROGRAM.FILE {C:/Users/user/Downloads/Jikken2_FPGA/video/video.runs/impl_1/video.bit} [get_hw_devices xc7a35t_0]
program_hw_devices [get_hw_devices xc7a35t_0]
refresh_hw_device [lindex [get_hw_devices xc7a35t_0] 0]
set_property PROBES.FILE {} [get_hw_devices xc7a35t_0]
set_property FULL_PROBES.FILE {} [get_hw_devices xc7a35t_0]
set_property PROGRAM.FILE {C:/Users/user/Downloads/Jikken2_FPGA/video/video_tmp.bit} [get_hw_devices xc7a35t_0]
program_hw_devices [get_hw_devices xc7a35t_0]
refresh_hw_device [lindex [get_hw_devices xc7a35t_0] 0]
