logic__18: logic__6
logic__228: logic__228
muxpart__17: muxpart__17
case__108: case__11
reg__8: reg__8
datapath__7: datapath__48
logic__217: logic__217
reg__10: reg__3
color: logic__22
dsp48e1__14: dsp48e1__14
case__21: case__21
logic__292: color__GB2_tempName
case__85: case__34
logic__37: logic__3
logic__156: logic__156
case__43: case__43
datapath__17: datapath__38
logic__165: logic__165
dsp48e1__22: color__GB0_tempName
datapath__58: datapath__58
logic__4: logic__198
case__79: case__40
reg__3: reg__7
datapath__132: datapath__21
datapath__55: datapath__55
datapath__85: datapath__30
case__99: case__20
case__50: case__50
case__11: case__11
logic__181: logic__181
case__74: case__45
logic__138: logic__138
reg__12: reg__12
case__52: case__52
case__127: case__2
case__114: case__5
datapath__92: datapath__23
datapath__29: datapath__29
logic__8: logic__171
logic__240: logic__240
datapath__103: datapath__12
muxpart__26: muxpart__8
logic__250: logic__250
datapath__118: datapath__7
case__122: case__71
datapath__10: datapath__45
case__62: datapath__39
datapath__1: datapath__51
case__40: case__40
datapath__69: logic__189
dsp48e1__18: dsp48e1__18
datapath__123: datapath__12
logic__280: logic__280
logic__257: logic__257
datapath__3: case
dsp48e1__2: dsp48e1__2
datapath__75: datapath__28
case__118: case__1
datapath__27: datapath__27
case__116: case__3
datapath__63: datapath__63
datapath__93: datapath__22
logic__11: logic__162
datapath__73: datapath__34
logic__241: logic__241
logic__5: logic__192
logic__150: logic__150
logic__27: case__4
case__17: case__17
datapath__23: datapath__32
case__76: case__43
datapath__56: datapath__56
case__27: case__27
logic__38: logic
dsp48e1__6: dsp48e1__6
case__126: case__3
reg__5: reg__5
datapath__71: datapath__35
logic__26: logic__223
datapath__19: datapath__36
case__28: case__28
logic__219: logic__219
logic__49: logic__49
datapath__50: datapath__50
logic__196: logic__196
logic__10: logic__165
reg__11: reg__2
logic__175: logic__175
datapath__62: datapath__62
logic__294: color__GB4_tempName
logic__258: logic__258
case__46: case__46
case__93: case__26
logic__189: logic__189
case__35: case__35
case__70: case__50
datapath__11: datapath__44
case__13: case__13
logic__12: logic__159
datapath__5: datapath__50
logic__231: logic__231
muxpart__22: logic__162
logic__279: logic__279
case__83: case__36
logic__46: logic__46
logic__191: logic__191
logic__53: logic__53
logic__256: logic__256
logic__222: logic__222
muxpart__31: muxpart__3
case__2: case__58
dsp48e1__32: dsp48e1__4
reg__1: reg__9
dsp48e1__19: dsp48e1__19
muxpart__13: color__GB4_tempName
case__41: case__41
logic__15: logic__9
logic__283: color__GB1_tempName
reg__13: reg__1
logic__272: logic__272
logic__179: logic__179
logic__190: logic__190
datapath__124: datapath__13
color__1: color
datapath__120: datapath__9
logic__23: logic__2
dsp48e1__17: dsp48e1__17
logic__214: logic__214
logic__1: logic__210
reg: reg
logic__13: logic__153
case__44: case__44
case__56: case__56
case__95: case__24
muxpart__30: muxpart__4
dsp48e1__4: dsp48e1__4
logic__184: logic__184
case__78: case__41
logic__47: logic__47
logic__16: logic__8
dsp48e1__11: dsp48e1__11
datapath__16: datapath__39
reg__25: reg
logic__289: logic__174
case__16: case__16
logic__178: logic__178
reg__9: reg__9
logic__25: logic__224
reg__15: reg__8
logic__162: logic__162
logic__232: logic__232
reg__22: reg__3
case__26: case__26
logic__50: logic__50
case__29: case__29
datapath__68: case__20
logic__177: logic__177
muxpart__8: muxpart__8
datapath__64: datapath__64
dsp48e1__1: dsp48e1__1
logic__22: logic__3
logic__208: logic__208
dsp48e1__27: logic__183
logic__174: logic__174
case__104: case__15
datapath__31: datapath__31
case__66: reg__9
case__100: case__19
logic__290: logic__192
logic__224: logic__224
datapath__9: datapath__46
logic__132: logic__132
datapath__24: datapath__24
chattering__1: chattering
case__103: case__16
reg__14: logic__48
case__73: case__46
datapath__72: logic__165
muxpart: muxpart
logic__45: logic__45
muxpart__5: muxpart__5
datapath__65: datapath__65
case__68: datapath__37
logic__239: logic__239
muxpart__33: muxpart__1
datapath__57: datapath__57
datapath__114: datapath__1
reg__24: reg__1
dsp48e1__23: case__38
logic__210: logic__210
case__87: case__32
datapath__117: datapath__23
datapath__42: datapath__42
logic__117: logic__117
reg__20: reg__15
case__14: case__14
logic__17: logic__7
logic__120: logic__120
datapath__46: datapath__46
case__120: case__56
logic__295: logic__21
logic__282: logic__282
muxpart__29: muxpart__5
datapath__66: datapath__66
logic__197: logic__197
datapath__99: datapath__16
dsp48e1__16: dsp48e1__16
datapath__51: datapath__51
datapath__98: datapath__17
case__23: case__23
logic__287: case__17
logic__168: logic__168
logic__2: logic__207
case__10: case__10
case__65: logic__159
case__7: case__7
case__5: datapath__11
logic__244: RTL_MUX165
case__18: case__18
muxpart__12: muxpart__12
logic__291: case__35
case__9: case__9
dsp48e1__10: dsp48e1__10
muxpart__28: muxpart__6
logic__269: logic__269
case__69: case__51
datapath__128: datapath__17
case__4: case__54
muxpart__20: muxpart__20
case__36: case__36
datapath__89: datapath__26
case__39: case__39
datapath__82: case__30
logic__271: logic__271
datapath__74: case__34
datapath__8: datapath__47
dsp48e1__15: dsp48e1__15
datapath__21: datapath__34
datapath__30: datapath__30
datapath__83: case__45
case__53: case__53
datapath__40: datapath__40
case__129: case
dsp48e1__13: dsp48e1__13
VGAtiming: datapath__15
datapath__125: datapath__14
datapath__45: datapath__45
logic__209: logic__209
datapath__80: datapath__45
logic__20: logic__4
case__96: case__23
datapath__47: datapath__47
reg__6: reg__6
muxpart__11: muxpart__11
datapath__49: datapath__49
chattering: chattering
dsp48e1__33: dsp48e1__3
dsp48e1: dsp48e1
muxpart__15: datapath__17
case__57: case__57
datapath__60: datapath__60
case__94: case__25
case__60: logic__201
logic__223: logic__223
case__25: case__25
case__24: case__24
case__49: case__53
logic__3: logic__201
datapath__109: datapath__6
logic__14: logic__10
case__67: logic__204
logic__206: logic__206
case__112: case__7
logic__185: logic__185
case__90: case__29
datapath__87: datapath__28
logic__114: logic__114
dsp48e1__28: logic__180
datapath__129: datapath__18
datapath__34: datapath__34
logic__211: logic__211
muxpart__9: muxpart__9
datapath__81: logic__47
muxpart__21: muxpart__21
muxpart__6: muxpart__6
logic__183: logic__183
case__125: case__4
muxpart__1: muxpart__1
dsp48e1__9: dsp48e1__9
case__117: case__2
logic__135: logic__135
case__54: case__54
logic__52: logic__39
case__55: case__55
datapath__108: datapath__7
logic__32: reg__2
datapath__135: datapath__1
logic__254: logic__254
datapath__127: datapath__16
case__1: case__59
case__81: case__38
muxpart__18: muxpart__18
logic__19: logic__5
dsp48e1__8: dsp48e1__8
datapath__91: datapath__24
logic__192: logic__192
datapath__32: datapath__32
logic__36: logic__10
datapath__105: datapath__10
logic__153: logic__153
datapath__59: datapath__59
logic__141: logic__141
case__59: case__22
datapath__54: datapath__54
logic__24: logic__1
logic__213: logic__213
datapath__133: datapath__22
datapath__38: datapath__38
case__92: case__27
logic__284: RTL_MUX62
case__77: case__42
logic__51: logic__51
case__15: case__15
logic__204: logic__204
logic__325: case__42
logic__7: logic__180
case__19: case__19
dsp48e1__5: dsp48e1__5
logic__215: logic__215
case__123: case__70
logic__281: logic__281
counter__1: counter__1
logic__326: logic__153
datapath__52: datapath__52
case__8: datapath__1
case__45: case__45
case__38: case__38
dsp48e1__3: dsp48e1__3
logic__286: datapath__32
datapath__112: datapath__3
case__48: case__48
reg__7: logic__18
case__84: case__35
logic__129: logic__129
case__32: case__32
logic__28: logic__27
datapath__104: datapath__11
case__102: case__17
logic__234: logic__234
case__64: muxpart__14
reg__16: reg__6
case__42: case__42
dsp48e1__24: case__15
datapath__110: datapath__5
reg__19: reg__11
logic__236: logic__236
case__119: case__57
case__47: case__47
dsp48e1__35: dsp48e1__1
logic__285: case__33
logic__278: logic__278
datapath__67: datapath__67
logic__39: datapath__84
datapath__18: datapath__37
logic__251: logic__251
datapath: datapath
datapath__100: datapath__15
logic__277: logic__277
case__80: case__39
dsp48e1__36: dsp48e1
case__89: case__30
datapath__86: datapath__29
datapath__96: datapath__19
case__63: case__27
logic__265: logic__265
logic__276: logic__276
logic__6: logic__189
case__86: case__33
logic__220: logic__220
muxpart__4: muxpart__4
dsp48e1__12: dsp48e1__12
logic__233: logic__233
logic: logic
case__128: case__1
case__12: case__12
muxpart__3: muxpart__3
case__98: case__21
case__97: case__22
case__30: case__30
logic__207: logic__207
logic__235: logic__235
muxpart__24: muxpart__10
logic__218: logic__218
muxpart__32: muxpart__2
logic__48: logic__48
case__88: case__31
logic__31: logic__22
logic__216: logic__216
logic__186: logic__186
case__115: case__4
case__31: case__31
datapath__88: datapath__27
datapath__136: datapath
datapath__122: datapath__11
dsp48e1__29: case__11
logic__171: logic__171
logic__54: logic__54
datapath__84: datapath__31
datapath__113: datapath__2
datapath__35: datapath__35
datapath__37: datapath__37
logic__275: logic__275
datapath__97: datapath__18
logic__123: logic__123
datapath__41: datapath__41
logic__198: logic__198
datapath__61: datapath__61
datapath__53: datapath__53
logic__35: logic__11
muxpart__7: muxpart__7
datapath__43: datapath__43
case__121: case__49
logic__270: logic__270
datapath__14: datapath__41
case__6: case__6
case: case
datapath__48: datapath__48
datapath__44: datapath__44
datapath__78: dsp48e1__4
datapath__70: color__GB3_tempName
logic__34: logic__13
muxpart__34: muxpart
case__72: case__48
case__82: case__37
logic__126: logic__126
logic__144: logic__144
reg__2: reg__8
datapath__15: datapath__40
logic__188: logic__188
logic__262: logic__262
case__71: case__49
muxpart__27: muxpart__7
dsp48e1__7: dsp48e1__7
datapath__116: datapath__6
datapath__26: datapath__26
logic__288: case__8
logic__180: logic__180
logic__268: logic__268
datapath__102: datapath__13
logic__227: logic__227
case__51: case__51
logic__293: color__GB5_tempName
case__75: case__44
datapath__101: datapath__14
muxpart__14: muxpart__14
case__91: case__28
datapath__121: datapath__10
case__22: case__22
datapath__4: datapath__4
dsp48e1__21: datapath__29
logic__193: logic__193
logic__30: logic__23
logic__221: logic__221
dsp48e1__34: dsp48e1__2
case__101: case__18
datapath__115: datapath__5
case__106: case__13
datapath__76: case__16
logic__29: case__2
reg__4: reg__4
logic__266: logic__266
dsp48e1__20: logic__168
datapath__134: datapath__84
logic__33: logic__18
logic__108: logic__108
case__20: case__20
case__61: case__61
logic__261: logic__261
counter__2: counter
datapath__94: datapath__21
datapath__6: datapath__49
datapath__13: datapath__42
case__124: case__69
muxpart__25: muxpart__9
reg__17: reg__5
logic__159: logic__159
logic__273: logic__273
logic__249: logic__249
case__109: case__10
dsp48e1__30: case__12
logic__267: logic__267
logic__255: logic__255
datapath__107: datapath__8
reg__23: reg__2
datapath__22: datapath__33
datapath__130: datapath__19
datapath__95: datapath__20
datapath__126: datapath__15
muxpart__2: muxpart__2
datapath__111: datapath__4
muxpart__16: muxpart__16
case__113: case__6
datapath__28: datapath__28
muxpart__19: muxpart__19
case__33: case__33
datapath__106: datapath__9
case__58: RTL_REG_SYNC3
dsp48e1__31: dsp48e1__31
case__111: case__8
logic__195: logic__195
case__107: case__12
datapath__20: datapath__35
datapath__36: datapath__36
muxpart__10: muxpart__10
case__3: case__55
logic__147: logic__147
datapath__25: datapath__25
case__110: case__9
datapath__33: datapath__33
case__34: case__34
case__37: case__37
datapath__39: datapath__39
dsp48e1__25: case__19
datapath__12: datapath__43
logic__9: logic__168
dsp48e1__26: case__18
logic__201: logic__201
datapath__119: datapath__8
datapath__90: datapath__25
datapath__77: case__10
datapath__131: datapath__20
logic__274: logic__274
logic__172: logic__172
datapath__79: case__21
case__105: case__14
reg__18: reg__13
muxpart__23: case__46
logic__55: logic__55
reg__21: reg__4
counter: counter
