case__1: video__GC0, 
color__GB1: color__GB1, 
case__39: color__GB1, 
logic__162: color__GB4, color__GB1, 
case__40: color__GB1, 
datapath__12: color__GB6, 
case__13: color__GB0, 
logic__228: color__GB3, 
case__51: color__GB4, 
logic__11: color__GB3, 
case__27: color__GB5, color__GB1, 
case__47: color__GB1, 
logic__46: color__GB4, 
logic__265: color__GB3, 
datapath__46: video__GC0, color__GB5, 
datapath__56: color__GB4, 
case__29: color__GB1, 
logic__45: color__GB3, 
dsp48e1__16: color__GB4, 
datapath__52: color__GB4, 
logic__165: color__GB4, color__GB1, 
logic__18: color__GB4, 
logic__189: color__GB4, color__GB1, 
datapath__38: color__GB1, 
logic__236: color__GB3, 
datapath__27: color__GB1, 
case__49: color__GB3, 
case__43: color__GB1, 
dsp48e1__7: color__GB4, 
logic__204: color__GB5, color__GB1, 
video__GC0: video__GC0, 
logic__47: color__GB4, color__GB1, 
case__20: color__GB4, color__GB0, 
logic__192: color__GB4, color__GB1, 
dsp48e1__5: color__GB4, 
logic__223: color__GB3, 
color__GB3_tempName: color__GB4, 
datapath__54: color__GB4, 
logic__251: color__GB4, 
datapath__33: color__GB1, 
case__71: video__GC0, 
datapath__35: color__GB4, color__GB1, 
logic__217: color__GB3, 
datapath__40: color__GB1, 
dsp48e1__1: color__GB5, 
datapath__47: color__GB5, 
logic__280: color__GB4, 
logic__255: color__GB3, 
color__GB1_tempName: video__GC0, color__GB4, 
logic__270: color__GB4, 
reg__5: color__GB3, 
logic__231: color__GB3, 
logic__250: video__GC0, color__GB5, 
color: color__GB4, 
logic__271: color__GB4, 
dsp48e1__6: color__GB4, 
color__GB0: color__GB0, 
case__48: color__GB1, 
logic__235: color__GB3, 
case__54: color__GB4, 
logic__273: color__GB4, 
dsp48e1__11: color__GB4, 
case__8: color__GB4, 
case__7: color__GB1, 
logic__220: color__GB3, 
case__26: video__GC0, color__GB1, 
case__21: color__GB4, color__GB0, 
datapath__60: color__GB4, 
dsp48e1__19: color__GB4, 
datapath__45: color__GB5, color__GB4, 
case__50: color__GB4, 
case__19: color__GB4, color__GB0, 
logic__55: color__GB1, 
muxpart__18: color__GB4, 
logic__261: color__GB3, 
datapath__19: video__GC0, color__GB7, 
dsp48e1__14: color__GB4, 
datapath__31: color__GB1, 
case__6: color__GB1, 
muxpart__9: video__GC0, 
logic__53: color__GB1, 
logic__153: color__GB5, color__GB1, 
case__61: color__GB5, 
logic__227: color__GB5, 
logic__274: color__GB4, 
logic__254: color__GB4, 
datapath__65: color__GB4, 
logic__174: color__GB4, color__GB1, 
case__32: color__GB1, 
reg__4: video__GC0, 
case__37: color__GB1, 
datapath__51: color__GB4, 
datapath__26: color__GB1, 
color__GB0_tempName: color__GB4, 
logic__272: color__GB4, 
logic__186: color__GB1, 
datapath__34: color__GB4, color__GB1, 
datapath__55: color__GB4, 
case__34: color__GB4, color__GB1, 
datapath__10: color__GB6, 
datapath__61: color__GB4, 
muxpart__20: color__GB4, 
logic__281: color__GB4, 
muxpart__16: color__GB1, 
case__12: color__GB4, color__GB0, 
reg__11: color__GB3, 
logic__198: color__GB1, 
logic__268: color__GB4, 
reg__8: video__GC0, color__GB1, 
case__33: color__GB4, color__GB1, 
logic__222: color__GB3, 
reg__9: color__GB5, color__GB1, 
datapath__25: video__GC0, color__GB1, 
case__25: color__GB1, 
muxpart: video__GC0, 
color__GB3: color__GB3, 
logic: video__GC0, 
datapath__48: color__GB4, 
muxpart__11: video__GC0, 
dsp48e1__8: color__GB4, 
datapath__41: color__GB1, 
color__GB2_tempName: video__GC0, color__GB4, 
datapath__28: color__GB4, color__GB1, 
RTL_REG_SYNC3: color__GB4, 
logic__258: color__GB3, 
logic__39: color__GB1, 
case__18: color__GB4, color__GB0, 
logic__224: color__GB3, 
logic__267: color__GB4, 
case__17: color__GB4, color__GB0, 
logic__275: color__GB4, 
case__22: color__GB4, color__GB1, 
datapath__20: color__GB7, 
muxpart__4: color__GB3, 
datapath__43: color__GB1, 
logic__207: color__GB1, 
logic__256: color__GB3, 
case__15: color__GB4, color__GB0, 
color__GB5: color__GB5, 
logic__249: color__GB4, 
muxpart__6: video__GC0, 
dsp48e1__4: color__GB4, 
logic__232: color__GB3, 
case__11: color__GB4, color__GB0, 
case__42: color__GB4, color__GB1, 
reg: video__GC0, 
dsp48e1__9: color__GB4, 
logic__159: color__GB5, color__GB1, 
case__9: color__GB0, 
case__4: video__GC0, 
case__28: color__GB1, 
datapath__37: color__GB5, color__GB1, 
logic__241: color__GB3, 
datapath__30: color__GB1, 
case__31: color__GB1, 
counter: color__GB3, 
case__45: color__GB5, color__GB1, 
dsp48e1__31: color__GB5, 
datapath__11: color__GB6, color__GB1, 
reg__2: video__GC0, 
logic__240: color__GB5, 
logic__221: color__GB3, 
color__GB5_tempName: color__GB4, 
datapath__32: color__GB4, color__GB1, 
logic__10: video__GC0, 
reg__12: color__GB4, 
datapath__24: video__GC0, color__GB1, 
case__36: color__GB1, 
datapath__1: color__GB0, 
datapath__22: video__GC0, color__GB7, 
datapath__50: color__GB5, 
case__16: color__GB4, color__GB0, 
case__10: color__GB4, color__GB0, 
datapath__53: color__GB4, 
dsp48e1: color__GB4, 
logic__216: color__GB1, 
muxpart__5: video__GC0, 
datapath__17: color__GB7, color__GB1, 
logic__213: color__GB1, 
logic__210: color__GB1, 
case__46: color__GB5, color__GB1, 
case__35: color__GB4, color__GB1, 
logic__50: color__GB1, 
logic__269: color__GB4, 
datapath__7: video__GC0, color__GB6, 
dsp48e1__13: color__GB4, 
logic__234: color__GB3, 
datapath__8: video__GC0, color__GB6, 
logic__48: color__GB4, color__GB1, 
dsp48e1__2: color__GB5, 
reg__13: color__GB3, 
logic__180: color__GB4, color__GB1, 
datapath__13: color__GB6, 
datapath__57: color__GB4, 
datapath__14: color__GB7, 
logic__233: color__GB3, 
datapath__84: video__GC0, 
muxpart__10: video__GC0, 
datapath__58: color__GB4, 
dsp48e1__10: color__GB4, 
datapath__18: video__GC0, color__GB7, 
logic__262: color__GB3, 
datapath__16: video__GC0, color__GB7, 
logic__183: color__GB4, color__GB1, 
logic__54: color__GB1, 
datapath__5: color__GB2, 
datapath__36: color__GB1, 
datapath__59: color__GB4, 
datapath__67: color__GB4, 
case__53: color__GB4, 
datapath__4: color__GB1, 
muxpart__8: video__GC0, 
case__41: color__GB1, 
muxpart__12: color__GB3, 
color__GB4: color__GB4, 
dsp48e1__3: color__GB5, 
logic__177: color__GB1, 
logic__276: color__GB4, 
color__GB2: color__GB2, 
case__23: video__GC0, color__GB1, 
datapath__42: color__GB1, 
logic__277: color__GB4, 
case__38: color__GB4, color__GB1, 
dsp48e1__18: color__GB4, 
logic__195: color__GB1, 
RTL_MUX62: color__GB4, 
logic__282: color__GB4, 
logic__22: video__GC0, 
case__24: color__GB1, 
datapath__66: color__GB4, 
logic__257: color__GB3, 
datapath__29: color__GB4, color__GB1, 
logic__29: video__GC0, 
case__55: color__GB4, 
reg__10: color__GB3, 
logic__239: color__GB3, 
datapath__21: color__GB7, 
color__GB6: color__GB6, 
case__57: color__GB3, 
case__30: color__GB5, color__GB1, 
case__2: video__GC0, 
datapath__44: color__GB5, 
datapath__63: color__GB4, 
datapath__39: color__GB5, color__GB1, 
dsp48e1__17: color__GB4, 
dsp48e1__15: color__GB4, 
case: video__GC0, color__GB1, 
logic__51: color__GB1, 
RTL_MUX165: color__GB4, 
muxpart__14: color__GB5, color__GB1, 
muxpart__21: color__GB1, 
logic__171: color__GB1, 
logic__278: color__GB4, 
case__44: color__GB1, 
color__GB4_tempName: color__GB4, 
datapath__62: color__GB4, 
datapath__15: video__GC0, color__GB7, 
logic__201: color__GB4, color__GB1, 
datapath__9: color__GB6, 
logic__168: color__GB4, color__GB1, 
color__GB7: color__GB7, 
datapath__23: color__GB2, 
case__56: color__GB3, 
case__14: color__GB0, 
muxpart__19: color__GB4, 
logic__266: color__GB1, 
datapath__64: color__GB4, 
muxpart__17: color__GB1, 
logic__279: color__GB4, 
datapath__49: color__GB5, 
datapath__6: color__GB2, 
dsp48e1__12: color__GB4, 
logic__21: video__GC0, color__GB4, 
logic__49: color__GB1, 
